Archive member included to satisfy reference by file (symbol)

D:\STM32\SDK_1.0.3_NUCLEO-F401RE\lib_stm\libLibraries.a(system_stm32f4xx.o)
                              ./Src/main.o (SystemCoreClockUpdate)
D:\STM32\SDK_1.0.3_NUCLEO-F401RE\lib_stm\libLibraries.a(stm32f401re_gpio.o)
                              ./Src/main.o (GPIO_Init)
D:\STM32\SDK_1.0.3_NUCLEO-F401RE\lib_stm\libLibraries.a(stm32f401re_rcc.o)
                              ./Src/main.o (RCC_AHB1PeriphClockCmd)
D:\STM32\SDK_1.0.3_NUCLEO-F401RE\lib_stm\libLibraries.a(led.o)
                              ./Src/main.o (LedControl_Init)
D:\STM32\SDK_1.0.3_NUCLEO-F401RE\lib_stm\libLibraries.a(timer.o)
                              D:\STM32\SDK_1.0.3_NUCLEO-F401RE\lib_stm\libLibraries.a(led.o) (TimerStart)
D:\STM32\SDK_1.0.3_NUCLEO-F401RE\lib_stm\libLibraries.a(serial.o)
                              D:\STM32\SDK_1.0.3_NUCLEO-F401RE\lib_stm\libLibraries.a(led.o) (Serial_SendPacket)
D:\STM32\SDK_1.0.3_NUCLEO-F401RE\lib_stm\libLibraries.a(buff.o)
                              D:\STM32\SDK_1.0.3_NUCLEO-F401RE\lib_stm\libLibraries.a(serial.o) (bufInit)
D:\STM32\SDK_1.0.3_NUCLEO-F401RE\lib_stm\libLibraries.a(utilities.o)
                              D:\STM32\SDK_1.0.3_NUCLEO-F401RE\lib_stm\libLibraries.a(timer.o) (memsetl)
D:\STM32\SDK_1.0.3_NUCLEO-F401RE\lib_stm\libLibraries.a(misc.o)
                              D:\STM32\SDK_1.0.3_NUCLEO-F401RE\lib_stm\libLibraries.a(serial.o) (NVIC_PriorityGroupConfig)
D:\STM32\SDK_1.0.3_NUCLEO-F401RE\lib_stm\libLibraries.a(stm32f401re_tim.o)
                              D:\STM32\SDK_1.0.3_NUCLEO-F401RE\lib_stm\libLibraries.a(led.o) (TIM_TimeBaseInit)
D:\STM32\SDK_1.0.3_NUCLEO-F401RE\lib_stm\libLibraries.a(stm32f401re_usart.o)
                              D:\STM32\SDK_1.0.3_NUCLEO-F401RE\lib_stm\libLibraries.a(serial.o) (USART_Init)
c:/st/stm32cubeide_1.11.0/stm32cubeide/plugins/com.st.stm32cube.ide.mcu.externaltools.gnu-tools-for-stm32.10.3-2021.10.win32_1.0.100.202210260954/tools/bin/../lib/gcc/arm-none-eabi/10.3.1/../../../../arm-none-eabi/lib/thumb/v7e-m+fp/hard\libc_nano.a(lib_a-errno.o)
                              ./Src/syscalls.o (__errno)
c:/st/stm32cubeide_1.11.0/stm32cubeide/plugins/com.st.stm32cube.ide.mcu.externaltools.gnu-tools-for-stm32.10.3-2021.10.win32_1.0.100.202210260954/tools/bin/../lib/gcc/arm-none-eabi/10.3.1/../../../../arm-none-eabi/lib/thumb/v7e-m+fp/hard\libc_nano.a(lib_a-exit.o)
                              c:/st/stm32cubeide_1.11.0/stm32cubeide/plugins/com.st.stm32cube.ide.mcu.externaltools.gnu-tools-for-stm32.10.3-2021.10.win32_1.0.100.202210260954/tools/bin/../lib/gcc/arm-none-eabi/10.3.1/../../../../arm-none-eabi/lib/thumb/v7e-m+fp/hard/crt0.o (exit)
c:/st/stm32cubeide_1.11.0/stm32cubeide/plugins/com.st.stm32cube.ide.mcu.externaltools.gnu-tools-for-stm32.10.3-2021.10.win32_1.0.100.202210260954/tools/bin/../lib/gcc/arm-none-eabi/10.3.1/../../../../arm-none-eabi/lib/thumb/v7e-m+fp/hard\libc_nano.a(lib_a-impure.o)
                              c:/st/stm32cubeide_1.11.0/stm32cubeide/plugins/com.st.stm32cube.ide.mcu.externaltools.gnu-tools-for-stm32.10.3-2021.10.win32_1.0.100.202210260954/tools/bin/../lib/gcc/arm-none-eabi/10.3.1/../../../../arm-none-eabi/lib/thumb/v7e-m+fp/hard\libc_nano.a(lib_a-exit.o) (_global_impure_ptr)
c:/st/stm32cubeide_1.11.0/stm32cubeide/plugins/com.st.stm32cube.ide.mcu.externaltools.gnu-tools-for-stm32.10.3-2021.10.win32_1.0.100.202210260954/tools/bin/../lib/gcc/arm-none-eabi/10.3.1/../../../../arm-none-eabi/lib/thumb/v7e-m+fp/hard\libc_nano.a(lib_a-init.o)
                              c:/st/stm32cubeide_1.11.0/stm32cubeide/plugins/com.st.stm32cube.ide.mcu.externaltools.gnu-tools-for-stm32.10.3-2021.10.win32_1.0.100.202210260954/tools/bin/../lib/gcc/arm-none-eabi/10.3.1/../../../../arm-none-eabi/lib/thumb/v7e-m+fp/hard/crt0.o (__libc_init_array)
c:/st/stm32cubeide_1.11.0/stm32cubeide/plugins/com.st.stm32cube.ide.mcu.externaltools.gnu-tools-for-stm32.10.3-2021.10.win32_1.0.100.202210260954/tools/bin/../lib/gcc/arm-none-eabi/10.3.1/../../../../arm-none-eabi/lib/thumb/v7e-m+fp/hard\libc_nano.a(lib_a-memset.o)
                              c:/st/stm32cubeide_1.11.0/stm32cubeide/plugins/com.st.stm32cube.ide.mcu.externaltools.gnu-tools-for-stm32.10.3-2021.10.win32_1.0.100.202210260954/tools/bin/../lib/gcc/arm-none-eabi/10.3.1/../../../../arm-none-eabi/lib/thumb/v7e-m+fp/hard/crt0.o (memset)

Discarded input sections

 .text          0x0000000000000000        0x0 c:/st/stm32cubeide_1.11.0/stm32cubeide/plugins/com.st.stm32cube.ide.mcu.externaltools.gnu-tools-for-stm32.10.3-2021.10.win32_1.0.100.202210260954/tools/bin/../lib/gcc/arm-none-eabi/10.3.1/thumb/v7e-m+fp/hard/crti.o
 .data          0x0000000000000000        0x0 c:/st/stm32cubeide_1.11.0/stm32cubeide/plugins/com.st.stm32cube.ide.mcu.externaltools.gnu-tools-for-stm32.10.3-2021.10.win32_1.0.100.202210260954/tools/bin/../lib/gcc/arm-none-eabi/10.3.1/thumb/v7e-m+fp/hard/crti.o
[...]
Memory Configuration

Name             Origin             Length             Attributes
RAM              0x0000000020000000 0x0000000000018000 xrw
FLASH            0x0000000008000000 0x0000000000080000 xr
*default*        0x0000000000000000 0xffffffffffffffff

Linker script and memory map

LOAD c:/st/stm32cubeide_1.11.0/stm32cubeide/plugins/com.st.stm32cube.ide.mcu.externaltools.gnu-tools-for-stm32.10.3-2021.10.win32_1.0.100.202210260954/tools/bin/../lib/gcc/arm-none-eabi/10.3.1/thumb/v7e-m+fp/hard/crti.o
LOAD c:/st/stm32cubeide_1.11.0/stm32cubeide/plugins/com.st.stm32cube.ide.mcu.externaltools.gnu-tools-for-stm32.10.3-2021.10.win32_1.0.100.202210260954/tools/bin/../lib/gcc/arm-none-eabi/10.3.1/thumb/v7e-m+fp/hard/crtbegin.o
LOAD c:/st/stm32cubeide_1.11.0/stm32cubeide/plugins/com.st.stm32cube.ide.mcu.externaltools.gnu-tools-for-stm32.10.3-2021.10.win32_1.0.100.202210260954/tools/bin/../lib/gcc/arm-none-eabi/10.3.1/../../../../arm-none-eabi/lib/thumb/v7e-m+fp/hard/crt0.o
LOAD ./Src/main.o
LOAD ./Src/syscalls.o
LOAD ./Src/sysmem.o
LOAD ./Startup/startup_stm32f401retx.o
LOAD D:\STM32\SDK_1.0.3_NUCLEO-F401RE\lib_stm\libLibraries.a
START GROUP
LOAD c:/st/stm32cubeide_1.11.0/stm32cubeide/plugins/com.st.stm32cube.ide.mcu.externaltools.gnu-tools-for-stm32.10.3-2021.10.win32_1.0.100.202210260954/tools/bin/../lib/gcc/arm-none-eabi/10.3.1/../../../../arm-none-eabi/lib/thumb/v7e-m+fp/hard\libc_nano.a
LOAD c:/st/stm32cubeide_1.11.0/stm32cubeide/plugins/com.st.stm32cube.ide.mcu.externaltools.gnu-tools-for-stm32.10.3-2021.10.win32_1.0.100.202210260954/tools/bin/../lib/gcc/arm-none-eabi/10.3.1/../../../../arm-none-eabi/lib/thumb/v7e-m+fp/hard\libm.a
END GROUP
START GROUP
LOAD c:/st/stm32cubeide_1.11.0/stm32cubeide/plugins/com.st.stm32cube.ide.mcu.externaltools.gnu-tools-for-stm32.10.3-2021.10.win32_1.0.100.202210260954/tools/bin/../lib/gcc/arm-none-eabi/10.3.1/thumb/v7e-m+fp/hard\libgcc.a
LOAD c:/st/stm32cubeide_1.11.0/stm32cubeide/plugins/com.st.stm32cube.ide.mcu.externaltools.gnu-tools-for-stm32.10.3-2021.10.win32_1.0.100.202210260954/tools/bin/../lib/gcc/arm-none-eabi/10.3.1/../../../../arm-none-eabi/lib/thumb/v7e-m+fp/hard\libc_nano.a
END GROUP
START GROUP
LOAD c:/st/stm32cubeide_1.11.0/stm32cubeide/plugins/com.st.stm32cube.ide.mcu.externaltools.gnu-tools-for-stm32.10.3-2021.10.win32_1.0.100.202210260954/tools/bin/../lib/gcc/arm-none-eabi/10.3.1/thumb/v7e-m+fp/hard\libgcc.a
LOAD c:/st/stm32cubeide_1.11.0/stm32cubeide/plugins/com.st.stm32cube.ide.mcu.externaltools.gnu-tools-for-stm32.10.3-2021.10.win32_1.0.100.202210260954/tools/bin/../lib/gcc/arm-none-eabi/10.3.1/../../../../arm-none-eabi/lib/thumb/v7e-m+fp/hard\libc_nano.a
LOAD c:/st/stm32cubeide_1.11.0/stm32cubeide/plugins/com.st.stm32cube.ide.mcu.externaltools.gnu-tools-for-stm32.10.3-2021.10.win32_1.0.100.202210260954/tools/bin/../lib/gcc/arm-none-eabi/10.3.1/../../../../arm-none-eabi/lib/thumb/v7e-m+fp/hard\libnosys.a
END GROUP
START GROUP
LOAD c:/st/stm32cubeide_1.11.0/stm32cubeide/plugins/com.st.stm32cube.ide.mcu.externaltools.gnu-tools-for-stm32.10.3-2021.10.win32_1.0.100.202210260954/tools/bin/../lib/gcc/arm-none-eabi/10.3.1/thumb/v7e-m+fp/hard\libgcc.a
LOAD c:/st/stm32cubeide_1.11.0/stm32cubeide/plugins/com.st.stm32cube.ide.mcu.externaltools.gnu-tools-for-stm32.10.3-2021.10.win32_1.0.100.202210260954/tools/bin/../lib/gcc/arm-none-eabi/10.3.1/../../../../arm-none-eabi/lib/thumb/v7e-m+fp/hard\libc_nano.a
LOAD c:/st/stm32cubeide_1.11.0/stm32cubeide/plugins/com.st.stm32cube.ide.mcu.externaltools.gnu-tools-for-stm32.10.3-2021.10.win32_1.0.100.202210260954/tools/bin/../lib/gcc/arm-none-eabi/10.3.1/../../../../arm-none-eabi/lib/thumb/v7e-m+fp/hard\libnosys.a
END GROUP
LOAD c:/st/stm32cubeide_1.11.0/stm32cubeide/plugins/com.st.stm32cube.ide.mcu.externaltools.gnu-tools-for-stm32.10.3-2021.10.win32_1.0.100.202210260954/tools/bin/../lib/gcc/arm-none-eabi/10.3.1/thumb/v7e-m+fp/hard/crtend.o
LOAD c:/st/stm32cubeide_1.11.0/stm32cubeide/plugins/com.st.stm32cube.ide.mcu.externaltools.gnu-tools-for-stm32.10.3-2021.10.win32_1.0.100.202210260954/tools/bin/../lib/gcc/arm-none-eabi/10.3.1/thumb/v7e-m+fp/hard/crtn.o
                0x0000000020018000                _estack = (ORIGIN (RAM) + LENGTH (RAM))
                0x0000000000000200                _Min_Heap_Size = 0x200
                0x0000000000000400                _Min_Stack_Size = 0x400

.isr_vector     0x0000000008000000      0x194
                0x0000000008000000                . = ALIGN (0x4)
 *(.isr_vector)
 .isr_vector    0x0000000008000000      0x194 ./Startup/startup_stm32f401retx.o
                0x0000000008000000                g_pfnVectors
                0x0000000008000194                . = ALIGN (0x4)

.text           0x0000000008000194     0x10d0
                0x0000000008000194                . = ALIGN (0x4)
 *(.text)
 .text          0x0000000008000194       0x40 c:/st/stm32cubeide_1.11.0/stm32cubeide/plugins/com.st.stm32cube.ide.mcu.externaltools.gnu-tools-for-stm32.10.3-2021.10.win32_1.0.100.202210260954/tools/bin/../lib/gcc/arm-none-eabi/10.3.1/thumb/v7e-m+fp/hard/crtbegin.o
 *(.text*)
 .text.ButtonB2_Init
                0x00000000080001d4       0x34 ./Src/main.o
 .text.main     0x0000000008000208       0x34 ./Src/main.o
                0x0000000008000208                main
 .text.mainInit
                0x000000000800023c       0x14 ./Src/main.o
                0x000000000800023c                mainInit
 .text.Reset_Handler
                0x0000000008000250       0x50 ./Startup/startup_stm32f401retx.o
                0x0000000008000250                Reset_Handler
 .text.Default_Handler
                0x00000000080002a0        0x2 ./Startup/startup_stm32f401retx.o
                0x00000000080002a0                EXTI2_IRQHandler
                0x00000000080002a0                DebugMon_Handler
                0x00000000080002a0                SPI4_IRQHandler
                0x00000000080002a0                TIM1_CC_IRQHandler
                0x00000000080002a0                DMA2_Stream5_IRQHandler
                0x00000000080002a0                HardFault_Handler
                0x00000000080002a0                DMA1_Stream5_IRQHandler
                0x00000000080002a0                SDIO_IRQHandler
                0x00000000080002a0                TAMP_STAMP_IRQHandler
                0x00000000080002a0                PendSV_Handler
                0x00000000080002a0                NMI_Handler
                0x00000000080002a0                EXTI3_IRQHandler
                0x00000000080002a0                TIM1_UP_TIM10_IRQHandler
                0x00000000080002a0                I2C3_ER_IRQHandler
                0x00000000080002a0                EXTI18_OTG_FS_WKUP_IRQHandler
                0x00000000080002a0                EXTI0_IRQHandler
                0x00000000080002a0                I2C2_EV_IRQHandler
                0x00000000080002a0                DMA1_Stream2_IRQHandler
                0x00000000080002a0                UsageFault_Handler
                0x00000000080002a0                DMA2_Stream2_IRQHandler
                0x00000000080002a0                SPI1_IRQHandler
                0x00000000080002a0                TIM1_BRK_TIM9_IRQHandler
                0x00000000080002a0                DMA2_Stream3_IRQHandler
                0x00000000080002a0                USART6_IRQHandler
                0x00000000080002a0                DMA2_Stream0_IRQHandler
                0x00000000080002a0                TIM4_IRQHandler
                0x00000000080002a0                I2C1_EV_IRQHandler
                0x00000000080002a0                DMA1_Stream6_IRQHandler
                0x00000000080002a0                DMA1_Stream1_IRQHandler
                0x00000000080002a0                TIM3_IRQHandler
                0x00000000080002a0                RCC_IRQHandler
                0x00000000080002a0                Default_Handler
                0x00000000080002a0                EXTI15_10_IRQHandler
                0x00000000080002a0                ADC_IRQHandler
                0x00000000080002a0                DMA1_Stream7_IRQHandler
                0x00000000080002a0                TIM5_IRQHandler
                0x00000000080002a0                DMA2_Stream7_IRQHandler
                0x00000000080002a0                I2C3_EV_IRQHandler
                0x00000000080002a0                EXTI9_5_IRQHandler
                0x00000000080002a0                SPI2_IRQHandler
                0x00000000080002a0                MemManage_Handler
                0x00000000080002a0                DMA1_Stream0_IRQHandler
                0x00000000080002a0                SVC_Handler
                0x00000000080002a0                EXTI4_IRQHandler
                0x00000000080002a0                EXTI22_RTC_WKUP_IRQHandler
                0x00000000080002a0                TIM2_IRQHandler
                0x00000000080002a0                EXTI16_PVD_IRQHandler
                0x00000000080002a0                TIM1_TRG_COM_TIM11_IRQHandler
                0x00000000080002a0                EXTI1_IRQHandler
                0x00000000080002a0                EXTI17_RTC_Alarm_IRQHandler
                0x00000000080002a0                I2C2_ER_IRQHandler
                0x00000000080002a0                DMA2_Stream1_IRQHandler
                0x00000000080002a0                FLASH_IRQHandler
                0x00000000080002a0                DMA2_Stream4_IRQHandler
                0x00000000080002a0                BusFault_Handler
                0x00000000080002a0                USART1_IRQHandler
                0x00000000080002a0                OTG_FS_IRQHandler
                0x00000000080002a0                SPI3_IRQHandler
                0x00000000080002a0                DMA1_Stream4_IRQHandler
                0x00000000080002a0                I2C1_ER_IRQHandler
                0x00000000080002a0                DMA2_Stream6_IRQHandler
                0x00000000080002a0                DMA1_Stream3_IRQHandler
 *fill*         0x00000000080002a2        0x2 
 .text.SystemInit
                0x00000000080002a4       0x6c D:\STM32\SDK_1.0.3_NUCLEO-F401RE\lib_stm\libLibraries.a(system_stm32f4xx.o)
                0x00000000080002a4                SystemInit
 .text.SystemCoreClockUpdate
                0x0000000008000310       0xf8 D:\STM32\SDK_1.0.3_NUCLEO-F401RE\lib_stm\libLibraries.a(system_stm32f4xx.o)
                0x0000000008000310                SystemCoreClockUpdate
 .text.SetSysClock
                0x0000000008000408       0xa0 D:\STM32\SDK_1.0.3_NUCLEO-F401RE\lib_stm\libLibraries.a(system_stm32f4xx.o)
 .text.GPIO_Init
                0x00000000080004a8      0x11c D:\STM32\SDK_1.0.3_NUCLEO-F401RE\lib_stm\libLibraries.a(stm32f401re_gpio.o)
                0x00000000080004a8                GPIO_Init
 .text.GPIO_ReadInputDataBit
                0x00000000080005c4       0x34 D:\STM32\SDK_1.0.3_NUCLEO-F401RE\lib_stm\libLibraries.a(stm32f401re_gpio.o)
                0x00000000080005c4                GPIO_ReadInputDataBit
 .text.GPIO_SetBits
                0x00000000080005f8       0x1e D:\STM32\SDK_1.0.3_NUCLEO-F401RE\lib_stm\libLibraries.a(stm32f401re_gpio.o)
                0x00000000080005f8                GPIO_SetBits
 .text.GPIO_ResetBits
                0x0000000008000616       0x1e D:\STM32\SDK_1.0.3_NUCLEO-F401RE\lib_stm\libLibraries.a(stm32f401re_gpio.o)
                0x0000000008000616                GPIO_ResetBits
 .text.GPIO_PinAFConfig
                0x0000000008000634       0x92 D:\STM32\SDK_1.0.3_NUCLEO-F401RE\lib_stm\libLibraries.a(stm32f401re_gpio.o)
                0x0000000008000634                GPIO_PinAFConfig
 *fill*         0x00000000080006c6        0x2 
 .text.RCC_AHB1PeriphClockCmd
                0x00000000080006c8       0x40 D:\STM32\SDK_1.0.3_NUCLEO-F401RE\lib_stm\libLibraries.a(stm32f401re_rcc.o)
                0x00000000080006c8                RCC_AHB1PeriphClockCmd
 .text.RCC_APB1PeriphClockCmd
                0x0000000008000708       0x40 D:\STM32\SDK_1.0.3_NUCLEO-F401RE\lib_stm\libLibraries.a(stm32f401re_rcc.o)
                0x0000000008000708                RCC_APB1PeriphClockCmd
 .text.RCC_APB2PeriphClockCmd
                0x0000000008000748       0x40 D:\STM32\SDK_1.0.3_NUCLEO-F401RE\lib_stm\libLibraries.a(stm32f401re_rcc.o)
                0x0000000008000748                RCC_APB2PeriphClockCmd
 .text.LedControl_Init
                0x0000000008000788       0x10 D:\STM32\SDK_1.0.3_NUCLEO-F401RE\lib_stm\libLibraries.a(led.o)
                0x0000000008000788                LedControl_Init
 .text.LedControl_SetColorIndividual
                0x0000000008000798       0xf8 D:\STM32\SDK_1.0.3_NUCLEO-F401RE\lib_stm\libLibraries.a(led.o)
                0x0000000008000798                LedControl_SetColorIndividual
 .text.LEDGPIO_Config
                0x0000000008000890       0x94 D:\STM32\SDK_1.0.3_NUCLEO-F401RE\lib_stm\libLibraries.a(led.o)
 .text.LEDTIM_Config
                0x0000000008000924       0xec D:\STM32\SDK_1.0.3_NUCLEO-F401RE\lib_stm\libLibraries.a(led.o)
 .text.SysTick_Handler
                0x0000000008000a10       0x1c D:\STM32\SDK_1.0.3_NUCLEO-F401RE\lib_stm\libLibraries.a(timer.o)
                0x0000000008000a10                SysTick_Handler
 .text.USART2_IRQHandler
                0x0000000008000a2c       0x50 D:\STM32\SDK_1.0.3_NUCLEO-F401RE\lib_stm\libLibraries.a(serial.o)
                0x0000000008000a2c                USART2_IRQHandler
 .text.bufIsFull
                0x0000000008000a7c       0x26 D:\STM32\SDK_1.0.3_NUCLEO-F401RE\lib_stm\libLibraries.a(buff.o)
                0x0000000008000a7c                bufIsFull
 .text.bufEnDat
                0x0000000008000aa2       0x9c D:\STM32\SDK_1.0.3_NUCLEO-F401RE\lib_stm\libLibraries.a(buff.o)
                0x0000000008000aa2                bufEnDat
 *fill*         0x0000000008000b3e        0x2 
 .text.TIM_TimeBaseInit
                0x0000000008000b40       0xd8 D:\STM32\SDK_1.0.3_NUCLEO-F401RE\lib_stm\libLibraries.a(stm32f401re_tim.o)
                0x0000000008000b40                TIM_TimeBaseInit
 .text.TIM_Cmd  0x0000000008000c18       0x40 D:\STM32\SDK_1.0.3_NUCLEO-F401RE\lib_stm\libLibraries.a(stm32f401re_tim.o)
                0x0000000008000c18                TIM_Cmd
 .text.TIM_OC1Init
                0x0000000008000c58       0xf4 D:\STM32\SDK_1.0.3_NUCLEO-F401RE\lib_stm\libLibraries.a(stm32f401re_tim.o)
                0x0000000008000c58                TIM_OC1Init
 .text.TIM_OC2Init
                0x0000000008000d4c      0x110 D:\STM32\SDK_1.0.3_NUCLEO-F401RE\lib_stm\libLibraries.a(stm32f401re_tim.o)
                0x0000000008000d4c                TIM_OC2Init
 .text.TIM_OC3Init
                0x0000000008000e5c      0x10c D:\STM32\SDK_1.0.3_NUCLEO-F401RE\lib_stm\libLibraries.a(stm32f401re_tim.o)
                0x0000000008000e5c                TIM_OC3Init
 .text.TIM_OC4Init
                0x0000000008000f68       0xd0 D:\STM32\SDK_1.0.3_NUCLEO-F401RE\lib_stm\libLibraries.a(stm32f401re_tim.o)
                0x0000000008000f68                TIM_OC4Init
 .text.TIM_SetCompare1
                0x0000000008001038       0x1c D:\STM32\SDK_1.0.3_NUCLEO-F401RE\lib_stm\libLibraries.a(stm32f401re_tim.o)
                0x0000000008001038                TIM_SetCompare1
 .text.TIM_SetCompare2
                0x0000000008001054       0x1c D:\STM32\SDK_1.0.3_NUCLEO-F401RE\lib_stm\libLibraries.a(stm32f401re_tim.o)
                0x0000000008001054                TIM_SetCompare2
 .text.TIM_SetCompare3
                0x0000000008001070       0x1c D:\STM32\SDK_1.0.3_NUCLEO-F401RE\lib_stm\libLibraries.a(stm32f401re_tim.o)
                0x0000000008001070                TIM_SetCompare3
 .text.TIM_SetCompare4
                0x000000000800108c       0x1c D:\STM32\SDK_1.0.3_NUCLEO-F401RE\lib_stm\libLibraries.a(stm32f401re_tim.o)
                0x000000000800108c                TIM_SetCompare4
 .text.TIM_CtrlPWMOutputs
                0x00000000080010a8       0x4c D:\STM32\SDK_1.0.3_NUCLEO-F401RE\lib_stm\libLibraries.a(stm32f401re_tim.o)
                0x00000000080010a8                TIM_CtrlPWMOutputs
 .text.USART_ReceiveData
                0x00000000080010f4       0x20 D:\STM32\SDK_1.0.3_NUCLEO-F401RE\lib_stm\libLibraries.a(stm32f401re_usart.o)
                0x00000000080010f4                USART_ReceiveData
 .text.USART_GetITStatus
                0x0000000008001114       0xb6 D:\STM32\SDK_1.0.3_NUCLEO-F401RE\lib_stm\libLibraries.a(stm32f401re_usart.o)
                0x0000000008001114                USART_GetITStatus
 .text.USART_ClearITPendingBit
                0x00000000080011ca       0x3a D:\STM32\SDK_1.0.3_NUCLEO-F401RE\lib_stm\libLibraries.a(stm32f401re_usart.o)
                0x00000000080011ca                USART_ClearITPendingBit
 .text.__libc_init_array
                0x0000000008001204       0x48 c:/st/stm32cubeide_1.11.0/stm32cubeide/plugins/com.st.stm32cube.ide.mcu.externaltools.gnu-tools-for-stm32.10.3-2021.10.win32_1.0.100.202210260954/tools/bin/../lib/gcc/arm-none-eabi/10.3.1/../../../../arm-none-eabi/lib/thumb/v7e-m+fp/hard\libc_nano.a(lib_a-init.o)
                0x0000000008001204                __libc_init_array
 *(.glue_7)
 .glue_7        0x000000000800124c        0x0 linker stubs
 *(.glue_7t)
 .glue_7t       0x000000000800124c        0x0 linker stubs
 *(.eh_frame)
 .eh_frame      0x000000000800124c        0x0 c:/st/stm32cubeide_1.11.0/stm32cubeide/plugins/com.st.stm32cube.ide.mcu.externaltools.gnu-tools-for-stm32.10.3-2021.10.win32_1.0.100.202210260954/tools/bin/../lib/gcc/arm-none-eabi/10.3.1/thumb/v7e-m+fp/hard/crtbegin.o
 *(.init)
 .init          0x000000000800124c        0x4 c:/st/stm32cubeide_1.11.0/stm32cubeide/plugins/com.st.stm32cube.ide.mcu.externaltools.gnu-tools-for-stm32.10.3-2021.10.win32_1.0.100.202210260954/tools/bin/../lib/gcc/arm-none-eabi/10.3.1/thumb/v7e-m+fp/hard/crti.o
                0x000000000800124c                _init
 .init          0x0000000008001250        0x8 c:/st/stm32cubeide_1.11.0/stm32cubeide/plugins/com.st.stm32cube.ide.mcu.externaltools.gnu-tools-for-stm32.10.3-2021.10.win32_1.0.100.202210260954/tools/bin/../lib/gcc/arm-none-eabi/10.3.1/thumb/v7e-m+fp/hard/crtn.o
 *(.fini)
 .fini          0x0000000008001258        0x4 c:/st/stm32cubeide_1.11.0/stm32cubeide/plugins/com.st.stm32cube.ide.mcu.externaltools.gnu-tools-for-stm32.10.3-2021.10.win32_1.0.100.202210260954/tools/bin/../lib/gcc/arm-none-eabi/10.3.1/thumb/v7e-m+fp/hard/crti.o
                0x0000000008001258                _fini
 .fini          0x000000000800125c        0x8 c:/st/stm32cubeide_1.11.0/stm32cubeide/plugins/com.st.stm32cube.ide.mcu.externaltools.gnu-tools-for-stm32.10.3-2021.10.win32_1.0.100.202210260954/tools/bin/../lib/gcc/arm-none-eabi/10.3.1/thumb/v7e-m+fp/hard/crtn.o
                0x0000000008001264                . = ALIGN (0x4)
                0x0000000008001264                _etext = .

.vfp11_veneer   0x0000000008001264        0x0
 .vfp11_veneer  0x0000000008001264        0x0 linker stubs

.v4_bx          0x0000000008001264        0x0
 .v4_bx         0x0000000008001264        0x0 linker stubs

.iplt           0x0000000008001264        0x0
 .iplt          0x0000000008001264        0x0 c:/st/stm32cubeide_1.11.0/stm32cubeide/plugins/com.st.stm32cube.ide.mcu.externaltools.gnu-tools-for-stm32.10.3-2021.10.win32_1.0.100.202210260954/tools/bin/../lib/gcc/arm-none-eabi/10.3.1/thumb/v7e-m+fp/hard/crtbegin.o

.rel.dyn        0x0000000008001264        0x0
 .rel.iplt      0x0000000008001264        0x0 c:/st/stm32cubeide_1.11.0/stm32cubeide/plugins/com.st.stm32cube.ide.mcu.externaltools.gnu-tools-for-stm32.10.3-2021.10.win32_1.0.100.202210260954/tools/bin/../lib/gcc/arm-none-eabi/10.3.1/thumb/v7e-m+fp/hard/crtbegin.o

.rodata         0x0000000008001264        0x0
                0x0000000008001264                . = ALIGN (0x4)
 *(.rodata)
 *(.rodata*)
                0x0000000008001264                . = ALIGN (0x4)

.ARM.extab      0x0000000008001264        0x0
                0x0000000008001264                . = ALIGN (0x4)
 *(.ARM.extab* .gnu.linkonce.armextab.*)
                0x0000000008001264                . = ALIGN (0x4)

.ARM            0x0000000008001264        0x0
                0x0000000008001264                . = ALIGN (0x4)
                0x0000000008001264                __exidx_start = .
 *(.ARM.exidx*)
                0x0000000008001264                __exidx_end = .
                0x0000000008001264                . = ALIGN (0x4)

.preinit_array  0x0000000008001264        0x0
                0x0000000008001264                . = ALIGN (0x4)
                0x0000000008001264                PROVIDE (__preinit_array_start = .)
 *(.preinit_array*)
                0x0000000008001264                PROVIDE (__preinit_array_end = .)
                0x0000000008001264                . = ALIGN (0x4)

.init_array     0x0000000008001264        0x4
                0x0000000008001264                . = ALIGN (0x4)
                0x0000000008001264                PROVIDE (__init_array_start = .)
 *(SORT_BY_NAME(.init_array.*))
 *(.init_array*)
 .init_array    0x0000000008001264        0x4 c:/st/stm32cubeide_1.11.0/stm32cubeide/plugins/com.st.stm32cube.ide.mcu.externaltools.gnu-tools-for-stm32.10.3-2021.10.win32_1.0.100.202210260954/tools/bin/../lib/gcc/arm-none-eabi/10.3.1/thumb/v7e-m+fp/hard/crtbegin.o
                0x0000000008001268                PROVIDE (__init_array_end = .)
                0x0000000008001268                . = ALIGN (0x4)

.fini_array     0x0000000008001268        0x4
                0x0000000008001268                . = ALIGN (0x4)
                [!provide]                        PROVIDE (__fini_array_start = .)
 *(SORT_BY_NAME(.fini_array.*))
 *(.fini_array*)
 .fini_array    0x0000000008001268        0x4 c:/st/stm32cubeide_1.11.0/stm32cubeide/plugins/com.st.stm32cube.ide.mcu.externaltools.gnu-tools-for-stm32.10.3-2021.10.win32_1.0.100.202210260954/tools/bin/../lib/gcc/arm-none-eabi/10.3.1/thumb/v7e-m+fp/hard/crtbegin.o
                [!provide]                        PROVIDE (__fini_array_end = .)
                0x000000000800126c                . = ALIGN (0x4)
                0x000000000800126c                _sidata = LOADADDR (.data)

.data           0x0000000020000000       0x14 load address 0x000000000800126c
                0x0000000020000000                . = ALIGN (0x4)
                0x0000000020000000                _sdata = .
 *(.data)
 *(.data*)
 .data.SystemCoreClock
                0x0000000020000000        0x4 D:\STM32\SDK_1.0.3_NUCLEO-F401RE\lib_stm\libLibraries.a(system_stm32f4xx.o)
                0x0000000020000000                SystemCoreClock
 .data.AHBPrescTable
                0x0000000020000004       0x10 D:\STM32\SDK_1.0.3_NUCLEO-F401RE\lib_stm\libLibraries.a(system_stm32f4xx.o)
                0x0000000020000004                AHBPrescTable
 *(.RamFunc)
 *(.RamFunc*)
                0x0000000020000014                . = ALIGN (0x4)
                0x0000000020000014                _edata = .

.igot.plt       0x0000000020000014        0x0 load address 0x0000000008001280
 .igot.plt      0x0000000020000014        0x0 c:/st/stm32cubeide_1.11.0/stm32cubeide/plugins/com.st.stm32cube.ide.mcu.externaltools.gnu-tools-for-stm32.10.3-2021.10.win32_1.0.100.202210260954/tools/bin/../lib/gcc/arm-none-eabi/10.3.1/thumb/v7e-m+fp/hard/crtbegin.o
                0x0000000020000014                . = ALIGN (0x4)

.bss            0x0000000020000014       0x2c load address 0x0000000008001280
                0x0000000020000014                _sbss = .
                0x0000000020000014                __bss_start__ = _sbss
 *(.bss)
 .bss           0x0000000020000014       0x1c c:/st/stm32cubeide_1.11.0/stm32cubeide/plugins/com.st.stm32cube.ide.mcu.externaltools.gnu-tools-for-stm32.10.3-2021.10.win32_1.0.100.202210260954/tools/bin/../lib/gcc/arm-none-eabi/10.3.1/thumb/v7e-m+fp/hard/crtbegin.o
 *(.bss*)
 .bss.g_brightnessLed
                0x0000000020000030        0x1 D:\STM32\SDK_1.0.3_NUCLEO-F401RE\lib_stm\libLibraries.a(led.o)
 *fill*         0x0000000020000031        0x3 
 .bss.g_wMilSecTickTimer
                0x0000000020000034        0x4 D:\STM32\SDK_1.0.3_NUCLEO-F401RE\lib_stm\libLibraries.a(timer.o)
 .bss.g_pUartQueueRx
                0x0000000020000038        0x8 D:\STM32\SDK_1.0.3_NUCLEO-F401RE\lib_stm\libLibraries.a(serial.o)
 *(COMMON)
                0x0000000020000040                . = ALIGN (0x4)
                0x0000000020000040                _ebss = .
                0x0000000020000040                __bss_end__ = _ebss

._user_heap_stack
                0x0000000020000040      0x600 load address 0x0000000008001280
                0x0000000020000040                . = ALIGN (0x8)
                [!provide]                        PROVIDE (end = .)
                0x0000000020000040                PROVIDE (_end = .)
                0x0000000020000240                . = (. + _Min_Heap_Size)
 *fill*         0x0000000020000040      0x200 
                0x0000000020000640                . = (. + _Min_Stack_Size)
 *fill*         0x0000000020000240      0x400 
                0x0000000020000640                . = ALIGN (0x8)

/DISCARD/
 libc.a(*)
 libm.a(*)
 libgcc.a(*)

.ARM.attributes
                0x0000000000000000       0x30
 *(.ARM.attributes)
 .ARM.attributes
                0x0000000000000000       0x1e c:/st/stm32cubeide_1.11.0/stm32cubeide/plugins/com.st.stm32cube.ide.mcu.externaltools.gnu-tools-for-stm32.10.3-2021.10.win32_1.0.100.202210260954/tools/bin/../lib/gcc/arm-none-eabi/10.3.1/thumb/v7e-m+fp/hard/crti.o
 .ARM.attributes
                0x000000000000001e       0x34 c:/st/stm32cubeide_1.11.0/stm32cubeide/plugins/com.st.stm32cube.ide.mcu.externaltools.gnu-tools-for-stm32.10.3-2021.10.win32_1.0.100.202210260954/tools/bin/../lib/gcc/arm-none-eabi/10.3.1/thumb/v7e-m+fp/hard/crtbegin.o
 .ARM.attributes
                0x0000000000000052       0x34 ./Src/main.o
 .ARM.attributes
                0x0000000000000086       0x21 ./Startup/startup_stm32f401retx.o
 .ARM.attributes
                0x00000000000000a7       0x39 D:\STM32\SDK_1.0.3_NUCLEO-F401RE\lib_stm\libLibraries.a(system_stm32f4xx.o)
 .ARM.attributes
                0x00000000000000e0       0x39 D:\STM32\SDK_1.0.3_NUCLEO-F401RE\lib_stm\libLibraries.a(stm32f401re_gpio.o)
 .ARM.attributes
                0x0000000000000119       0x39 D:\STM32\SDK_1.0.3_NUCLEO-F401RE\lib_stm\libLibraries.a(stm32f401re_rcc.o)
 .ARM.attributes
                0x0000000000000152       0x39 D:\STM32\SDK_1.0.3_NUCLEO-F401RE\lib_stm\libLibraries.a(led.o)
 .ARM.attributes
                0x000000000000018b       0x39 D:\STM32\SDK_1.0.3_NUCLEO-F401RE\lib_stm\libLibraries.a(timer.o)
 .ARM.attributes
                0x00000000000001c4       0x39 D:\STM32\SDK_1.0.3_NUCLEO-F401RE\lib_stm\libLibraries.a(serial.o)
 .ARM.attributes
                0x00000000000001fd       0x39 D:\STM32\SDK_1.0.3_NUCLEO-F401RE\lib_stm\libLibraries.a(buff.o)
 .ARM.attributes
                0x0000000000000236       0x39 D:\STM32\SDK_1.0.3_NUCLEO-F401RE\lib_stm\libLibraries.a(stm32f401re_tim.o)
 .ARM.attributes
                0x000000000000026f       0x39 D:\STM32\SDK_1.0.3_NUCLEO-F401RE\lib_stm\libLibraries.a(stm32f401re_usart.o)
 .ARM.attributes
                0x00000000000002a8       0x34 c:/st/stm32cubeide_1.11.0/stm32cubeide/plugins/com.st.stm32cube.ide.mcu.externaltools.gnu-tools-for-stm32.10.3-2021.10.win32_1.0.100.202210260954/tools/bin/../lib/gcc/arm-none-eabi/10.3.1/../../../../arm-none-eabi/lib/thumb/v7e-m+fp/hard\libc_nano.a(lib_a-init.o)
 .ARM.attributes
                0x00000000000002dc       0x1e c:/st/stm32cubeide_1.11.0/stm32cubeide/plugins/com.st.stm32cube.ide.mcu.externaltools.gnu-tools-for-stm32.10.3-2021.10.win32_1.0.100.202210260954/tools/bin/../lib/gcc/arm-none-eabi/10.3.1/thumb/v7e-m+fp/hard/crtn.o
OUTPUT(test2.elf elf32-littlearm)
LOAD linker stubs
LOAD c:/st/stm32cubeide_1.11.0/stm32cubeide/plugins/com.st.stm32cube.ide.mcu.externaltools.gnu-tools-for-stm32.10.3-2021.10.win32_1.0.100.202210260954/tools/bin/../lib/gcc/arm-none-eabi/10.3.1/../../../../arm-none-eabi/lib/thumb/v7e-m+fp/hard\libc.a
LOAD c:/st/stm32cubeide_1.11.0/stm32cubeide/plugins/com.st.stm32cube.ide.mcu.externaltools.gnu-tools-for-stm32.10.3-2021.10.win32_1.0.100.202210260954/tools/bin/../lib/gcc/arm-none-eabi/10.3.1/../../../../arm-none-eabi/lib/thumb/v7e-m+fp/hard\libm.a
LOAD c:/st/stm32cubeide_1.11.0/stm32cubeide/plugins/com.st.stm32cube.ide.mcu.externaltools.gnu-tools-for-stm32.10.3-2021.10.win32_1.0.100.202210260954/tools/bin/../lib/gcc/arm-none-eabi/10.3.1/thumb/v7e-m+fp/hard\libgcc.a

.debug_info     0x0000000000000000     0x64cc
 .debug_info    0x0000000000000000      0x3ff ./Src/main.o
 .debug_info    0x00000000000003ff       0x22 ./Startup/startup_stm32f401retx.o
 .debug_info    0x0000000000000421      0x5bb D:\STM32\SDK_1.0.3_NUCLEO-F401RE\lib_stm\libLibraries.a(system_stm32f4xx.o)
 .debug_info    0x00000000000009dc      0x62b D:\STM32\SDK_1.0.3_NUCLEO-F401RE\lib_stm\libLibraries.a(stm32f401re_gpio.o)
 .debug_info    0x0000000000001007      0xd5e D:\STM32\SDK_1.0.3_NUCLEO-F401RE\lib_stm\libLibraries.a(stm32f401re_rcc.o)
 .debug_info    0x0000000000001d65      0x9b4 D:\STM32\SDK_1.0.3_NUCLEO-F401RE\lib_stm\libLibraries.a(led.o)
 .debug_info    0x0000000000002719      0x922 D:\STM32\SDK_1.0.3_NUCLEO-F401RE\lib_stm\libLibraries.a(timer.o)
 .debug_info    0x000000000000303b      0xb11 D:\STM32\SDK_1.0.3_NUCLEO-F401RE\lib_stm\libLibraries.a(serial.o)
 .debug_info    0x0000000000003b4c      0x339 D:\STM32\SDK_1.0.3_NUCLEO-F401RE\lib_stm\libLibraries.a(buff.o)
 .debug_info    0x0000000000003e85     0x1c73 D:\STM32\SDK_1.0.3_NUCLEO-F401RE\lib_stm\libLibraries.a(stm32f401re_tim.o)
 .debug_info    0x0000000000005af8      0x9d4 D:\STM32\SDK_1.0.3_NUCLEO-F401RE\lib_stm\libLibraries.a(stm32f401re_usart.o)

.debug_abbrev   0x0000000000000000     0x1247
 .debug_abbrev  0x0000000000000000      0x1ba ./Src/main.o
 .debug_abbrev  0x00000000000001ba       0x12 ./Startup/startup_stm32f401retx.o
 .debug_abbrev  0x00000000000001cc      0x138 D:\STM32\SDK_1.0.3_NUCLEO-F401RE\lib_stm\libLibraries.a(system_stm32f4xx.o)
 .debug_abbrev  0x0000000000000304      0x1bf D:\STM32\SDK_1.0.3_NUCLEO-F401RE\lib_stm\libLibraries.a(stm32f401re_gpio.o)
 .debug_abbrev  0x00000000000004c3      0x1d4 D:\STM32\SDK_1.0.3_NUCLEO-F401RE\lib_stm\libLibraries.a(stm32f401re_rcc.o)
 .debug_abbrev  0x0000000000000697      0x20c D:\STM32\SDK_1.0.3_NUCLEO-F401RE\lib_stm\libLibraries.a(led.o)
 .debug_abbrev  0x00000000000008a3      0x29a D:\STM32\SDK_1.0.3_NUCLEO-F401RE\lib_stm\libLibraries.a(timer.o)
 .debug_abbrev  0x0000000000000b3d      0x2ba D:\STM32\SDK_1.0.3_NUCLEO-F401RE\lib_stm\libLibraries.a(serial.o)
 .debug_abbrev  0x0000000000000df7      0x12a D:\STM32\SDK_1.0.3_NUCLEO-F401RE\lib_stm\libLibraries.a(buff.o)
 .debug_abbrev  0x0000000000000f21      0x19f D:\STM32\SDK_1.0.3_NUCLEO-F401RE\lib_stm\libLibraries.a(stm32f401re_tim.o)
 .debug_abbrev  0x00000000000010c0      0x187 D:\STM32\SDK_1.0.3_NUCLEO-F401RE\lib_stm\libLibraries.a(stm32f401re_usart.o)

.debug_aranges  0x0000000000000000      0x858
 .debug_aranges
                0x0000000000000000       0x30 ./Src/main.o
 .debug_aranges
                0x0000000000000030       0x28 ./Startup/startup_stm32f401retx.o
 .debug_aranges
                0x0000000000000058       0x30 D:\STM32\SDK_1.0.3_NUCLEO-F401RE\lib_stm\libLibraries.a(system_stm32f4xx.o)
 .debug_aranges
                0x0000000000000088       0x88 D:\STM32\SDK_1.0.3_NUCLEO-F401RE\lib_stm\libLibraries.a(stm32f401re_gpio.o)
 .debug_aranges
                0x0000000000000110      0x198 D:\STM32\SDK_1.0.3_NUCLEO-F401RE\lib_stm\libLibraries.a(stm32f401re_rcc.o)
 .debug_aranges
                0x00000000000002a8       0x78 D:\STM32\SDK_1.0.3_NUCLEO-F401RE\lib_stm\libLibraries.a(led.o)
 .debug_aranges
                0x0000000000000320       0x70 D:\STM32\SDK_1.0.3_NUCLEO-F401RE\lib_stm\libLibraries.a(timer.o)
 .debug_aranges
                0x0000000000000390       0x80 D:\STM32\SDK_1.0.3_NUCLEO-F401RE\lib_stm\libLibraries.a(serial.o)
 .debug_aranges
                0x0000000000000410       0x50 D:\STM32\SDK_1.0.3_NUCLEO-F401RE\lib_stm\libLibraries.a(buff.o)
 .debug_aranges
                0x0000000000000460      0x2f8 D:\STM32\SDK_1.0.3_NUCLEO-F401RE\lib_stm\libLibraries.a(stm32f401re_tim.o)
 .debug_aranges
                0x0000000000000758      0x100 D:\STM32\SDK_1.0.3_NUCLEO-F401RE\lib_stm\libLibraries.a(stm32f401re_usart.o)

.debug_ranges   0x0000000000000000      0x7b0
 .debug_ranges  0x0000000000000000       0x20 ./Src/main.o
 .debug_ranges  0x0000000000000020       0x20 ./Startup/startup_stm32f401retx.o
 .debug_ranges  0x0000000000000040       0x20 D:\STM32\SDK_1.0.3_NUCLEO-F401RE\lib_stm\libLibraries.a(system_stm32f4xx.o)
 .debug_ranges  0x0000000000000060       0x78 D:\STM32\SDK_1.0.3_NUCLEO-F401RE\lib_stm\libLibraries.a(stm32f401re_gpio.o)
 .debug_ranges  0x00000000000000d8      0x188 D:\STM32\SDK_1.0.3_NUCLEO-F401RE\lib_stm\libLibraries.a(stm32f401re_rcc.o)
 .debug_ranges  0x0000000000000260       0x68 D:\STM32\SDK_1.0.3_NUCLEO-F401RE\lib_stm\libLibraries.a(led.o)
 .debug_ranges  0x00000000000002c8       0x60 D:\STM32\SDK_1.0.3_NUCLEO-F401RE\lib_stm\libLibraries.a(timer.o)
 .debug_ranges  0x0000000000000328       0x70 D:\STM32\SDK_1.0.3_NUCLEO-F401RE\lib_stm\libLibraries.a(serial.o)
 .debug_ranges  0x0000000000000398       0x40 D:\STM32\SDK_1.0.3_NUCLEO-F401RE\lib_stm\libLibraries.a(buff.o)
 .debug_ranges  0x00000000000003d8      0x2e8 D:\STM32\SDK_1.0.3_NUCLEO-F401RE\lib_stm\libLibraries.a(stm32f401re_tim.o)
 .debug_ranges  0x00000000000006c0       0xf0 D:\STM32\SDK_1.0.3_NUCLEO-F401RE\lib_stm\libLibraries.a(stm32f401re_usart.o)

.debug_macro    0x0000000000000000     0xec1e
 .debug_macro   0x0000000000000000      0x236 ./Src/main.o
 .debug_macro   0x0000000000000236      0xa84 ./Src/main.o
 .debug_macro   0x0000000000000cba       0x22 ./Src/main.o
 .debug_macro   0x0000000000000cdc       0x4c ./Src/main.o
 .debug_macro   0x0000000000000d28       0x1e ./Src/main.o
 .debug_macro   0x0000000000000d46       0x94 ./Src/main.o
 .debug_macro   0x0000000000000dda       0x3c ./Src/main.o
 .debug_macro   0x0000000000000e16       0x34 ./Src/main.o
 .debug_macro   0x0000000000000e4a       0x16 ./Src/main.o
 .debug_macro   0x0000000000000e60       0x57 ./Src/main.o
 .debug_macro   0x0000000000000eb7       0x97 ./Src/main.o
 .debug_macro   0x0000000000000f4e      0x341 ./Src/main.o
 .debug_macro   0x000000000000128f       0xfd ./Src/main.o
 .debug_macro   0x000000000000138c       0x10 ./Src/main.o
 .debug_macro   0x000000000000139c       0x16 ./Src/main.o
 .debug_macro   0x00000000000013b2       0x43 ./Src/main.o
 .debug_macro   0x00000000000013f5       0x34 ./Src/main.o
 .debug_macro   0x0000000000001429       0x10 ./Src/main.o
 .debug_macro   0x0000000000001439       0x58 ./Src/main.o
 .debug_macro   0x0000000000001491       0x71 ./Src/main.o
 .debug_macro   0x0000000000001502       0x1c ./Src/main.o
 .debug_macro   0x000000000000151e      0x12a ./Src/main.o
 .debug_macro   0x0000000000001648       0x10 ./Src/main.o
 .debug_macro   0x0000000000001658       0x6a ./Src/main.o
 .debug_macro   0x00000000000016c2       0x1c ./Src/main.o
 .debug_macro   0x00000000000016de       0x52 ./Src/main.o
 .debug_macro   0x0000000000001730       0x22 ./Src/main.o
 .debug_macro   0x0000000000001752       0x10 ./Src/main.o
 .debug_macro   0x0000000000001762       0x52 ./Src/main.o
 .debug_macro   0x00000000000017b4       0xd5 ./Src/main.o
 .debug_macro   0x0000000000001889       0x1c ./Src/main.o
 .debug_macro   0x00000000000018a5       0x3d ./Src/main.o
 .debug_macro   0x00000000000018e2       0x16 ./Src/main.o
 .debug_macro   0x00000000000018f8      0x145 ./Src/main.o
 .debug_macro   0x0000000000001a3d      0x103 ./Src/main.o
 .debug_macro   0x0000000000001b40      0x1df ./Src/main.o
 .debug_macro   0x0000000000001d1f       0x6b ./Src/main.o
 .debug_macro   0x0000000000001d8a       0x3b ./Src/main.o
 .debug_macro   0x0000000000001dc5       0x34 ./Src/main.o
 .debug_macro   0x0000000000001df9       0x26 ./Src/main.o
 .debug_macro   0x0000000000001e1f      0xe43 ./Src/main.o
 .debug_macro   0x0000000000002c62     0x8018 ./Src/main.o
 .debug_macro   0x000000000000ac7a      0x2ee ./Src/main.o
 .debug_macro   0x000000000000af68       0x88 ./Src/main.o
 .debug_macro   0x000000000000aff0      0x64a ./Src/main.o
 .debug_macro   0x000000000000b63a       0xc4 ./Src/main.o
 .debug_macro   0x000000000000b6fe       0xce D:\STM32\SDK_1.0.3_NUCLEO-F401RE\lib_stm\libLibraries.a(system_stm32f4xx.o)
 .debug_macro   0x000000000000b7cc      0xa66 D:\STM32\SDK_1.0.3_NUCLEO-F401RE\lib_stm\libLibraries.a(system_stm32f4xx.o)
 .debug_macro   0x000000000000c232       0x22 D:\STM32\SDK_1.0.3_NUCLEO-F401RE\lib_stm\libLibraries.a(system_stm32f4xx.o)
 .debug_macro   0x000000000000c254       0x8e D:\STM32\SDK_1.0.3_NUCLEO-F401RE\lib_stm\libLibraries.a(system_stm32f4xx.o)
 .debug_macro   0x000000000000c2e2       0x51 D:\STM32\SDK_1.0.3_NUCLEO-F401RE\lib_stm\libLibraries.a(system_stm32f4xx.o)
 .debug_macro   0x000000000000c333       0xef D:\STM32\SDK_1.0.3_NUCLEO-F401RE\lib_stm\libLibraries.a(system_stm32f4xx.o)
 .debug_macro   0x000000000000c422       0xc3 D:\STM32\SDK_1.0.3_NUCLEO-F401RE\lib_stm\libLibraries.a(stm32f401re_gpio.o)
 .debug_macro   0x000000000000c4e5      0x18d D:\STM32\SDK_1.0.3_NUCLEO-F401RE\lib_stm\libLibraries.a(stm32f401re_rcc.o)
 .debug_macro   0x000000000000c672      0x644 D:\STM32\SDK_1.0.3_NUCLEO-F401RE\lib_stm\libLibraries.a(stm32f401re_rcc.o)
 .debug_macro   0x000000000000ccb6       0xec D:\STM32\SDK_1.0.3_NUCLEO-F401RE\lib_stm\libLibraries.a(led.o)
 .debug_macro   0x000000000000cda2       0x82 D:\STM32\SDK_1.0.3_NUCLEO-F401RE\lib_stm\libLibraries.a(led.o)
 .debug_macro   0x000000000000ce24       0x22 D:\STM32\SDK_1.0.3_NUCLEO-F401RE\lib_stm\libLibraries.a(led.o)
 .debug_macro   0x000000000000ce46      0x170 D:\STM32\SDK_1.0.3_NUCLEO-F401RE\lib_stm\libLibraries.a(led.o)
 .debug_macro   0x000000000000cfb6      0x2f4 D:\STM32\SDK_1.0.3_NUCLEO-F401RE\lib_stm\libLibraries.a(led.o)
 .debug_macro   0x000000000000d2aa      0x741 D:\STM32\SDK_1.0.3_NUCLEO-F401RE\lib_stm\libLibraries.a(led.o)
 .debug_macro   0x000000000000d9eb       0xe3 D:\STM32\SDK_1.0.3_NUCLEO-F401RE\lib_stm\libLibraries.a(timer.o)
 .debug_macro   0x000000000000dace       0x1c D:\STM32\SDK_1.0.3_NUCLEO-F401RE\lib_stm\libLibraries.a(timer.o)
 .debug_macro   0x000000000000daea       0x16 D:\STM32\SDK_1.0.3_NUCLEO-F401RE\lib_stm\libLibraries.a(timer.o)
 .debug_macro   0x000000000000db00      0x10a D:\STM32\SDK_1.0.3_NUCLEO-F401RE\lib_stm\libLibraries.a(serial.o)
 .debug_macro   0x000000000000dc0a      0x16a D:\STM32\SDK_1.0.3_NUCLEO-F401RE\lib_stm\libLibraries.a(serial.o)
 .debug_macro   0x000000000000dd74       0x1c D:\STM32\SDK_1.0.3_NUCLEO-F401RE\lib_stm\libLibraries.a(serial.o)
 .debug_macro   0x000000000000dd90       0x7c D:\STM32\SDK_1.0.3_NUCLEO-F401RE\lib_stm\libLibraries.a(serial.o)
 .debug_macro   0x000000000000de0c      0x223 D:\STM32\SDK_1.0.3_NUCLEO-F401RE\lib_stm\libLibraries.a(serial.o)
 .debug_macro   0x000000000000e02f       0xc2 D:\STM32\SDK_1.0.3_NUCLEO-F401RE\lib_stm\libLibraries.a(buff.o)
 .debug_macro   0x000000000000e0f1       0x16 D:\STM32\SDK_1.0.3_NUCLEO-F401RE\lib_stm\libLibraries.a(buff.o)
 .debug_macro   0x000000000000e107       0xe4 D:\STM32\SDK_1.0.3_NUCLEO-F401RE\lib_stm\libLibraries.a(stm32f401re_tim.o)
 .debug_macro   0x000000000000e1eb      0x73b D:\STM32\SDK_1.0.3_NUCLEO-F401RE\lib_stm\libLibraries.a(stm32f401re_tim.o)
 .debug_macro   0x000000000000e926       0xdb D:\STM32\SDK_1.0.3_NUCLEO-F401RE\lib_stm\libLibraries.a(stm32f401re_usart.o)
 .debug_macro   0x000000000000ea01      0x21d D:\STM32\SDK_1.0.3_NUCLEO-F401RE\lib_stm\libLibraries.a(stm32f401re_usart.o)

.debug_line     0x0000000000000000     0x4a52
 .debug_line    0x0000000000000000      0x757 ./Src/main.o
 .debug_line    0x0000000000000757       0x84 ./Startup/startup_stm32f401retx.o
 .debug_line    0x00000000000007db      0x4a0 D:\STM32\SDK_1.0.3_NUCLEO-F401RE\lib_stm\libLibraries.a(system_stm32f4xx.o)
 .debug_line    0x0000000000000c7b      0x65e D:\STM32\SDK_1.0.3_NUCLEO-F401RE\lib_stm\libLibraries.a(stm32f401re_gpio.o)
 .debug_line    0x00000000000012d9      0x8d2 D:\STM32\SDK_1.0.3_NUCLEO-F401RE\lib_stm\libLibraries.a(stm32f401re_rcc.o)
 .debug_line    0x0000000000001bab      0x6f2 D:\STM32\SDK_1.0.3_NUCLEO-F401RE\lib_stm\libLibraries.a(led.o)
 .debug_line    0x000000000000229d      0x684 D:\STM32\SDK_1.0.3_NUCLEO-F401RE\lib_stm\libLibraries.a(timer.o)
 .debug_line    0x0000000000002921      0x72b D:\STM32\SDK_1.0.3_NUCLEO-F401RE\lib_stm\libLibraries.a(serial.o)
 .debug_line    0x000000000000304c      0x532 D:\STM32\SDK_1.0.3_NUCLEO-F401RE\lib_stm\libLibraries.a(buff.o)
 .debug_line    0x000000000000357e      0xd2f D:\STM32\SDK_1.0.3_NUCLEO-F401RE\lib_stm\libLibraries.a(stm32f401re_tim.o)
 .debug_line    0x00000000000042ad      0x7a5 D:\STM32\SDK_1.0.3_NUCLEO-F401RE\lib_stm\libLibraries.a(stm32f401re_usart.o)

.debug_str      0x0000000000000000    0x481ce
 .debug_str     0x0000000000000000    0x3ea71 ./Src/main.o
                                      0x3ecbb (size before relaxing)
 .debug_str     0x000000000003ea71       0x31 ./Startup/startup_stm32f401retx.o
                                         0x46 (size before relaxing)
 .debug_str     0x000000000003eaa2      0x6da D:\STM32\SDK_1.0.3_NUCLEO-F401RE\lib_stm\libLibraries.a(system_stm32f4xx.o)
                                      0x3583e (size before relaxing)
 .debug_str     0x000000000003f17c      0x182 D:\STM32\SDK_1.0.3_NUCLEO-F401RE\lib_stm\libLibraries.a(stm32f401re_gpio.o)
                                      0x3a690 (size before relaxing)
 .debug_str     0x000000000003f2fe      0xb9c D:\STM32\SDK_1.0.3_NUCLEO-F401RE\lib_stm\libLibraries.a(stm32f401re_rcc.o)
                                      0x39aa1 (size before relaxing)
 .debug_str     0x000000000003fe9a     0x4f3d D:\STM32\SDK_1.0.3_NUCLEO-F401RE\lib_stm\libLibraries.a(led.o)
                                      0x3f796 (size before relaxing)
 .debug_str     0x0000000000044dd7      0x5e6 D:\STM32\SDK_1.0.3_NUCLEO-F401RE\lib_stm\libLibraries.a(timer.o)
                                      0x39451 (size before relaxing)
 .debug_str     0x00000000000453bd     0x1dfa D:\STM32\SDK_1.0.3_NUCLEO-F401RE\lib_stm\libLibraries.a(serial.o)
                                      0x3cca1 (size before relaxing)
 .debug_str     0x00000000000471b7       0x93 D:\STM32\SDK_1.0.3_NUCLEO-F401RE\lib_stm\libLibraries.a(buff.o)
                                      0x35751 (size before relaxing)
 .debug_str     0x000000000004724a      0xaba D:\STM32\SDK_1.0.3_NUCLEO-F401RE\lib_stm\libLibraries.a(stm32f401re_tim.o)
                                      0x3a911 (size before relaxing)
 .debug_str     0x0000000000047d04      0x4ca D:\STM32\SDK_1.0.3_NUCLEO-F401RE\lib_stm\libLibraries.a(stm32f401re_usart.o)
                                      0x3a79e (size before relaxing)

.comment        0x0000000000000000       0xcb
 .comment       0x0000000000000000       0x50 ./Src/main.o
                                         0x51 (size before relaxing)
 .comment       0x0000000000000050       0x7b D:\STM32\SDK_1.0.3_NUCLEO-F401RE\lib_stm\libLibraries.a(system_stm32f4xx.o)
                                         0x7c (size before relaxing)
 .comment       0x00000000000000cb       0x7c D:\STM32\SDK_1.0.3_NUCLEO-F401RE\lib_stm\libLibraries.a(stm32f401re_gpio.o)
 .comment       0x00000000000000cb       0x7c D:\STM32\SDK_1.0.3_NUCLEO-F401RE\lib_stm\libLibraries.a(stm32f401re_rcc.o)
 .comment       0x00000000000000cb       0x7c D:\STM32\SDK_1.0.3_NUCLEO-F401RE\lib_stm\libLibraries.a(led.o)
 .comment       0x00000000000000cb       0x7c D:\STM32\SDK_1.0.3_NUCLEO-F401RE\lib_stm\libLibraries.a(timer.o)
 .comment       0x00000000000000cb       0x7c D:\STM32\SDK_1.0.3_NUCLEO-F401RE\lib_stm\libLibraries.a(serial.o)
 .comment       0x00000000000000cb       0x7c D:\STM32\SDK_1.0.3_NUCLEO-F401RE\lib_stm\libLibraries.a(buff.o)
 .comment       0x00000000000000cb       0x7c D:\STM32\SDK_1.0.3_NUCLEO-F401RE\lib_stm\libLibraries.a(stm32f401re_tim.o)
 .comment       0x00000000000000cb       0x7c D:\STM32\SDK_1.0.3_NUCLEO-F401RE\lib_stm\libLibraries.a(stm32f401re_usart.o)

.debug_frame    0x0000000000000000     0x23fc
 .debug_frame   0x0000000000000000       0x6c ./Src/main.o
 .debug_frame   0x000000000000006c       0x74 D:\STM32\SDK_1.0.3_NUCLEO-F401RE\lib_stm\libLibraries.a(system_stm32f4xx.o)
 .debug_frame   0x00000000000000e0      0x23c D:\STM32\SDK_1.0.3_NUCLEO-F401RE\lib_stm\libLibraries.a(stm32f401re_gpio.o)
 .debug_frame   0x000000000000031c      0x774 D:\STM32\SDK_1.0.3_NUCLEO-F401RE\lib_stm\libLibraries.a(stm32f401re_rcc.o)
 .debug_frame   0x0000000000000a90      0x1b8 D:\STM32\SDK_1.0.3_NUCLEO-F401RE\lib_stm\libLibraries.a(led.o)
 .debug_frame   0x0000000000000c48      0x1a8 D:\STM32\SDK_1.0.3_NUCLEO-F401RE\lib_stm\libLibraries.a(timer.o)
 .debug_frame   0x0000000000000df0      0x1e0 D:\STM32\SDK_1.0.3_NUCLEO-F401RE\lib_stm\libLibraries.a(serial.o)
 .debug_frame   0x0000000000000fd0      0x118 D:\STM32\SDK_1.0.3_NUCLEO-F401RE\lib_stm\libLibraries.a(buff.o)
 .debug_frame   0x00000000000010e8      0xe58 D:\STM32\SDK_1.0.3_NUCLEO-F401RE\lib_stm\libLibraries.a(stm32f401re_tim.o)
 .debug_frame   0x0000000000001f40      0x490 D:\STM32\SDK_1.0.3_NUCLEO-F401RE\lib_stm\libLibraries.a(stm32f401re_usart.o)
 .debug_frame   0x00000000000023d0       0x2c c:/st/stm32cubeide_1.11.0/stm32cubeide/plugins/com.st.stm32cube.ide.mcu.externaltools.gnu-tools-for-stm32.10.3-2021.10.win32_1.0.100.202210260954/tools/bin/../lib/gcc/arm-none-eabi/10.3.1/../../../../arm-none-eabi/lib/thumb/v7e-m+fp/hard\libc_nano.a(lib_a-init.o)
